ClassDecl (name: Main, superClass: Object)
| MethodDecl (argumentNames: [], argumentTypes: [], name: main, returnType: void)
| | Seq ()
| | | VarDecl (name: r1, type: int)
| | | VarDecl (name: r2, type: int)
| | | VarDecl (name: r3, type: int)
| | | VarDecl (name: i0, type: int)
| | | VarDecl (name: i1, type: int)
| | | VarDecl (name: i2, type: int)
| | | VarDecl (name: i3, type: int)
| | | VarDecl (name: i4, type: int)
| | | VarDecl (name: i5, type: int)
| | | VarDecl (name: i6, type: int)
| | | VarDecl (name: i7, type: int)
| | Seq ()
| | | Assign ()
| | | | Var (name: i0)
| | | | IntConst (value: 0)
| | | Assign ()
| | | | Var (name: i1)
| | | | IntConst (value: 1)
| | | Assign ()
| | | | Var (name: i2)
| | | | IntConst (value: 2)
| | | Assign ()
| | | | Var (name: i3)
| | | | IntConst (value: 3)
| | | Assign ()
| | | | Var (name: i4)
| | | | IntConst (value: 4)
| | | Assign ()
| | | | Var (name: i5)
| | | | IntConst (value: 5)
| | | Assign ()
| | | | Var (name: i6)
| | | | IntConst (value: 6)
| | | Assign ()
| | | | Var (name: i7)
| | | | IntConst (value: 7)
| | | Assign ()
| | | | Var (name: r1)
| | | | BinaryOp (operator: B_PLUS)
| | | | | Var (name: i0)
| | | | | BinaryOp (operator: B_PLUS)
| | | | | | Var (name: i1)
| | | | | | BinaryOp (operator: B_PLUS)
| | | | | | | Var (name: i2)
| | | | | | | BinaryOp (operator: B_PLUS)
| | | | | | | | Var (name: i3)
| | | | | | | | BinaryOp (operator: B_PLUS)
| | | | | | | | | Var (name: i4)
| | | | | | | | | BinaryOp (operator: B_PLUS)
| | | | | | | | | | Var (name: i5)
| | | | | | | | | | BinaryOp (operator: B_PLUS)
| | | | | | | | | | | Var (name: i6)
| | | | | | | | | | | Var (name: i7)
| | | Assign ()
| | | | Var (name: r2)
| | | | BinaryOp (operator: B_PLUS)
| | | | | BinaryOp (operator: B_PLUS)
| | | | | | BinaryOp (operator: B_PLUS)
| | | | | | | BinaryOp (operator: B_PLUS)
| | | | | | | | BinaryOp (operator: B_PLUS)
| | | | | | | | | BinaryOp (operator: B_PLUS)
| | | | | | | | | | BinaryOp (operator: B_PLUS)
| | | | | | | | | | | Var (name: i0)
| | | | | | | | | | | Var (name: i1)
| | | | | | | | | | Var (name: i2)
| | | | | | | | | Var (name: i3)
| | | | | | | | Var (name: i4)
| | | | | | | Var (name: i5)
| | | | | | Var (name: i6)
| | | | | Var (name: i7)
| | | Assign ()
| | | | Var (name: r3)
| | | | BinaryOp (operator: B_PLUS)
| | | | | BinaryOp (operator: B_PLUS)
| | | | | | BinaryOp (operator: B_PLUS)
| | | | | | | Var (name: i0)
| | | | | | | Var (name: i1)
| | | | | | BinaryOp (operator: B_PLUS)
| | | | | | | Var (name: i2)
| | | | | | | Var (name: i3)
| | | | | BinaryOp (operator: B_PLUS)
| | | | | | BinaryOp (operator: B_PLUS)
| | | | | | | Var (name: i4)
| | | | | | | Var (name: i5)
| | | | | | BinaryOp (operator: B_PLUS)
| | | | | | | Var (name: i6)
| | | | | | | Var (name: i7)
| | | BuiltInWrite ()
| | | | Var (name: r1)
| | | BuiltInWriteln ()
| | | BuiltInWrite ()
| | | | Var (name: r2)
| | | BuiltInWriteln ()
| | | BuiltInWrite ()
| | | | Var (name: r3)
| | | BuiltInWriteln ()
