ClassDecl (name: Main, superClass: Object)
| MethodDecl (argumentNames: [], argumentTypes: [], name: main, returnType: void)
| | Seq ()
| | | VarDecl (name: i0, type: int)
| | Seq ()
| | | BuiltInWrite ()
| | | | BinaryOp (operator: B_PLUS)
| | | | | IntConst (value: 4)
| | | | | BinaryOp (operator: B_TIMES)
| | | | | | IntConst (value: 9)
| | | | | | IntConst (value: 8)
| | | BuiltInWrite ()
| | | | BinaryOp (operator: B_TIMES)
| | | | | IntConst (value: 4)
| | | | | BinaryOp (operator: B_MINUS)
| | | | | | IntConst (value: 9)
| | | | | | UnaryOp (operator: U_MINUS)
| | | | | | | UnaryOp (operator: U_MINUS)
| | | | | | | | IntConst (value: 5)
| | | BuiltInWrite ()
| | | | BinaryOp (operator: B_MINUS)
| | | | | BinaryOp (operator: B_PLUS)
| | | | | | BinaryOp (operator: B_MINUS)
| | | | | | | BinaryOp (operator: B_PLUS)
| | | | | | | | BinaryOp (operator: B_PLUS)
| | | | | | | | | IntConst (value: 4)
| | | | | | | | | BinaryOp (operator: B_TIMES)
| | | | | | | | | | IntConst (value: 9)
| | | | | | | | | | IntConst (value: 8)
| | | | | | | | IntConst (value: 7)
| | | | | | | IntConst (value: 9)
| | | | | | BinaryOp (operator: B_TIMES)
| | | | | | | UnaryOp (operator: U_MINUS)
| | | | | | | | IntConst (value: 8)
| | | | | | | IntConst (value: 7)
| | | | | IntConst (value: 4)
| | | BuiltInWriteln ()
| | | BuiltInWrite ()
| | | | BinaryOp (operator: B_MINUS)
| | | | | BinaryOp (operator: B_PLUS)
| | | | | | BinaryOp (operator: B_MINUS)
| | | | | | | BinaryOp (operator: B_PLUS)
| | | | | | | | BinaryOp (operator: B_MINUS)
| | | | | | | | | BinaryOp (operator: B_TIMES)
| | | | | | | | | | IntConst (value: 3)
| | | | | | | | | | IntConst (value: 3)
| | | | | | | | | IntConst (value: 9)
| | | | | | | | BinaryOp (operator: B_TIMES)
| | | | | | | | | BinaryOp (operator: B_TIMES)
| | | | | | | | | | BinaryOp (operator: B_TIMES)
| | | | | | | | | | | IntConst (value: 1)
| | | | | | | | | | | IntConst (value: 2)
| | | | | | | | | | IntConst (value: 1)
| | | | | | | | | IntConst (value: 87)
| | | | | | | IntConst (value: 93)
| | | | | | BinaryOp (operator: B_TIMES)
| | | | | | | IntConst (value: 34)
| | | | | | | IntConst (value: 89)
| | | | | IntConst (value: 100)
| | | BuiltInWriteln ()
| | | Assign ()
| | | | Var (name: i0)
| | | | BinaryOp (operator: B_PLUS)
| | | | | BinaryOp (operator: B_PLUS)
| | | | | | BinaryOp (operator: B_PLUS)
| | | | | | | BinaryOp (operator: B_MINUS)
| | | | | | | | BinaryOp (operator: B_MINUS)
| | | | | | | | | BinaryOp (operator: B_PLUS)
| | | | | | | | | | IntConst (value: 778)
| | | | | | | | | | BinaryOp (operator: B_TIMES)
| | | | | | | | | | | IntConst (value: 90)
| | | | | | | | | | | IntConst (value: 7)
| | | | | | | | | BinaryOp (operator: B_TIMES)
| | | | | | | | | | IntConst (value: 5)
| | | | | | | | | | IntConst (value: 4)
| | | | | | | | IntConst (value: 3)
| | | | | | | BinaryOp (operator: B_TIMES)
| | | | | | | | IntConst (value: 9)
| | | | | | | | IntConst (value: 90)
| | | | | | IntConst (value: 3)
| | | | | BinaryOp (operator: B_TIMES)
| | | | | | IntConst (value: 9)
| | | | | | IntConst (value: 8)
| | | BuiltInWrite ()
| | | | Var (name: i0)
| | | BuiltInWriteln ()
