ClassDecl (name: Main, superClass: Object)
| MethodDecl (argumentNames: [], argumentTypes: [], name: main, returnType: void)
| | Seq ()
| | | VarDecl (name: i0, type: int)
| | Seq ()
| | | Assign ()
| | | | Var (name: i0)
| | | | BinaryOp (operator: B_PLUS)
| | | | | BinaryOp (operator: B_PLUS)
| | | | | | BinaryOp (operator: B_PLUS)
| | | | | | | BinaryOp (operator: B_PLUS)
| | | | | | | | BinaryOp (operator: B_PLUS)
| | | | | | | | | IntConst (value: 1)
| | | | | | | | | IntConst (value: 2)
| | | | | | | | BinaryOp (operator: B_PLUS)
| | | | | | | | | IntConst (value: 3)
| | | | | | | | | IntConst (value: 4)
| | | | | | | BinaryOp (operator: B_PLUS)
| | | | | | | | BinaryOp (operator: B_PLUS)
| | | | | | | | | IntConst (value: 5)
| | | | | | | | | IntConst (value: 6)
| | | | | | | | BinaryOp (operator: B_PLUS)
| | | | | | | | | IntConst (value: 7)
| | | | | | | | | IntConst (value: 8)
| | | | | | BinaryOp (operator: B_PLUS)
| | | | | | | BinaryOp (operator: B_PLUS)
| | | | | | | | BinaryOp (operator: B_PLUS)
| | | | | | | | | IntConst (value: 9)
| | | | | | | | | IntConst (value: 10)
| | | | | | | | BinaryOp (operator: B_PLUS)
| | | | | | | | | IntConst (value: 11)
| | | | | | | | | IntConst (value: 12)
| | | | | | | BinaryOp (operator: B_PLUS)
| | | | | | | | BinaryOp (operator: B_PLUS)
| | | | | | | | | IntConst (value: 13)
| | | | | | | | | IntConst (value: 14)
| | | | | | | | BinaryOp (operator: B_PLUS)
| | | | | | | | | IntConst (value: 15)
| | | | | | | | | IntConst (value: 16)
| | | | | BinaryOp (operator: B_PLUS)
| | | | | | BinaryOp (operator: B_PLUS)
| | | | | | | BinaryOp (operator: B_PLUS)
| | | | | | | | BinaryOp (operator: B_PLUS)
| | | | | | | | | IntConst (value: 17)
| | | | | | | | | IntConst (value: 18)
| | | | | | | | BinaryOp (operator: B_PLUS)
| | | | | | | | | IntConst (value: 19)
| | | | | | | | | IntConst (value: 20)
| | | | | | | BinaryOp (operator: B_PLUS)
| | | | | | | | BinaryOp (operator: B_PLUS)
| | | | | | | | | IntConst (value: 21)
| | | | | | | | | IntConst (value: 22)
| | | | | | | | BinaryOp (operator: B_PLUS)
| | | | | | | | | IntConst (value: 23)
| | | | | | | | | IntConst (value: 24)
| | | | | | BinaryOp (operator: B_PLUS)
| | | | | | | BinaryOp (operator: B_PLUS)
| | | | | | | | BinaryOp (operator: B_PLUS)
| | | | | | | | | IntConst (value: 25)
| | | | | | | | | IntConst (value: 26)
| | | | | | | | BinaryOp (operator: B_PLUS)
| | | | | | | | | IntConst (value: 27)
| | | | | | | | | IntConst (value: 28)
| | | | | | | BinaryOp (operator: B_PLUS)
| | | | | | | | BinaryOp (operator: B_PLUS)
| | | | | | | | | IntConst (value: 29)
| | | | | | | | | IntConst (value: 30)
| | | | | | | | BinaryOp (operator: B_PLUS)
| | | | | | | | | IntConst (value: 31)
| | | | | | | | | IntConst (value: 32)
| | | BuiltInWrite ()
| | | | Var (name: i0)
| | | BuiltInWriteln ()
| | | BuiltInWrite ()
| | | | BinaryOp (operator: B_PLUS)
| | | | | BinaryOp (operator: B_PLUS)
| | | | | | BinaryOp (operator: B_PLUS)
| | | | | | | BinaryOp (operator: B_PLUS)
| | | | | | | | BinaryOp (operator: B_PLUS)
| | | | | | | | | IntConst (value: 1)
| | | | | | | | | IntConst (value: 2)
| | | | | | | | BinaryOp (operator: B_PLUS)
| | | | | | | | | IntConst (value: 3)
| | | | | | | | | IntConst (value: 4)
| | | | | | | BinaryOp (operator: B_PLUS)
| | | | | | | | BinaryOp (operator: B_PLUS)
| | | | | | | | | IntConst (value: 5)
| | | | | | | | | IntConst (value: 6)
| | | | | | | | BinaryOp (operator: B_PLUS)
| | | | | | | | | IntConst (value: 7)
| | | | | | | | | IntConst (value: 8)
| | | | | | BinaryOp (operator: B_PLUS)
| | | | | | | BinaryOp (operator: B_PLUS)
| | | | | | | | BinaryOp (operator: B_PLUS)
| | | | | | | | | IntConst (value: 9)
| | | | | | | | | IntConst (value: 10)
| | | | | | | | BinaryOp (operator: B_PLUS)
| | | | | | | | | IntConst (value: 11)
| | | | | | | | | IntConst (value: 12)
| | | | | | | BinaryOp (operator: B_PLUS)
| | | | | | | | BinaryOp (operator: B_PLUS)
| | | | | | | | | IntConst (value: 13)
| | | | | | | | | IntConst (value: 14)
| | | | | | | | BinaryOp (operator: B_PLUS)
| | | | | | | | | IntConst (value: 15)
| | | | | | | | | IntConst (value: 16)
| | | | | BinaryOp (operator: B_PLUS)
| | | | | | BinaryOp (operator: B_PLUS)
| | | | | | | BinaryOp (operator: B_PLUS)
| | | | | | | | BinaryOp (operator: B_PLUS)
| | | | | | | | | IntConst (value: 17)
| | | | | | | | | IntConst (value: 18)
| | | | | | | | BinaryOp (operator: B_PLUS)
| | | | | | | | | IntConst (value: 19)
| | | | | | | | | IntConst (value: 20)
| | | | | | | BinaryOp (operator: B_PLUS)
| | | | | | | | BinaryOp (operator: B_PLUS)
| | | | | | | | | IntConst (value: 21)
| | | | | | | | | IntConst (value: 22)
| | | | | | | | BinaryOp (operator: B_PLUS)
| | | | | | | | | IntConst (value: 23)
| | | | | | | | | IntConst (value: 24)
| | | | | | BinaryOp (operator: B_PLUS)
| | | | | | | BinaryOp (operator: B_PLUS)
| | | | | | | | BinaryOp (operator: B_PLUS)
| | | | | | | | | IntConst (value: 25)
| | | | | | | | | IntConst (value: 26)
| | | | | | | | BinaryOp (operator: B_PLUS)
| | | | | | | | | IntConst (value: 27)
| | | | | | | | | IntConst (value: 28)
| | | | | | | BinaryOp (operator: B_PLUS)
| | | | | | | | BinaryOp (operator: B_PLUS)
| | | | | | | | | IntConst (value: 29)
| | | | | | | | | IntConst (value: 30)
| | | | | | | | BinaryOp (operator: B_PLUS)
| | | | | | | | | IntConst (value: 31)
| | | | | | | | | IntConst (value: 32)
| | | BuiltInWriteln ()
