ClassDecl (name: Main, superClass: Object)
| MethodDecl (argumentNames: [], argumentTypes: [], name: main, returnType: void)
| | Seq ()
| | | VarDecl (name: i0, type: int)
| | | VarDecl (name: i1, type: int)
| | Seq ()
| | | Assign ()
| | | | Var (name: i0)
| | | | BuiltInRead ()
| | | Assign ()
| | | | Var (name: i1)
| | | | BuiltInRead ()
| | | Assign ()
| | | | Var (name: i0)
| | | | BinaryOp (operator: B_PLUS)
| | | | | BinaryOp (operator: B_MINUS)
| | | | | | BinaryOp (operator: B_PLUS)
| | | | | | | BinaryOp (operator: B_PLUS)
| | | | | | | | Var (name: i0)
| | | | | | | | IntConst (value: 5)
| | | | | | | IntConst (value: 10)
| | | | | | IntConst (value: 13)
| | | | | IntConst (value: 2)
| | | Assign ()
| | | | Var (name: i1)
| | | | BinaryOp (operator: B_PLUS)
| | | | | Var (name: i0)
| | | | | IntConst (value: 5)
| | | BuiltInWrite ()
| | | | Var (name: i0)
| | | BuiltInWriteln ()
| | | BuiltInWrite ()
| | | | Var (name: i1)
| | | BuiltInWriteln ()
