ClassDecl (name: Main, superClass: Object)
| MethodDecl (argumentNames: [], argumentTypes: [], name: main, returnType: void)
| | Seq ()
| | | VarDecl (name: a, type: int)
| | Seq ()
| | | Assign ()
| | | | Var (name: a)
| | | | IntConst (value: 1073741824)
| | | BuiltInWrite ()
| | | | BinaryOp (operator: B_DIV)
| | | | | BinaryOp (operator: B_DIV)
| | | | | | BinaryOp (operator: B_DIV)
| | | | | | | BinaryOp (operator: B_DIV)
| | | | | | | | BinaryOp (operator: B_DIV)
| | | | | | | | | BinaryOp (operator: B_DIV)
| | | | | | | | | | BinaryOp (operator: B_DIV)
| | | | | | | | | | | BinaryOp (operator: B_DIV)
| | | | | | | | | | | | Var (name: a)
| | | | | | | | | | | | IntConst (value: 2)
| | | | | | | | | | | IntConst (value: 4)
| | | | | | | | | | IntConst (value: 8)
| | | | | | | | | IntConst (value: 16)
| | | | | | | | IntConst (value: 32)
| | | | | | | IntConst (value: 64)
| | | | | | IntConst (value: 128)
| | | | | IntConst (value: 256)
