ClassDecl (name: Main, superClass: Object)
| MethodDecl (argumentNames: [], argumentTypes: [], name: main, returnType: void)
| | Seq ()
| | | VarDecl (name: i0, type: int)
| | | VarDecl (name: i1, type: int)
| | | VarDecl (name: i2, type: int)
| | | VarDecl (name: i3, type: int)
| | | VarDecl (name: i4, type: int)
| | | VarDecl (name: i5, type: int)
| | | VarDecl (name: i6, type: int)
| | | VarDecl (name: i7, type: int)
| | | VarDecl (name: i8, type: int)
| | | VarDecl (name: i9, type: int)
| | | VarDecl (name: i10, type: int)
| | | VarDecl (name: i11, type: int)
| | Seq ()
| | | Assign ()
| | | | Var (name: i0)
| | | | IntConst (value: 0)
| | | Assign ()
| | | | Var (name: i1)
| | | | BuiltInRead ()
| | | Assign ()
| | | | Var (name: i2)
| | | | IntConst (value: 2)
| | | Assign ()
| | | | Var (name: i3)
| | | | BuiltInRead ()
| | | Assign ()
| | | | Var (name: i4)
| | | | IntConst (value: 4)
| | | Assign ()
| | | | Var (name: i5)
| | | | BuiltInRead ()
| | | Assign ()
| | | | Var (name: i6)
| | | | IntConst (value: 6)
| | | Assign ()
| | | | Var (name: i7)
| | | | BuiltInRead ()
| | | Assign ()
| | | | Var (name: i8)
| | | | IntConst (value: 8)
| | | Assign ()
| | | | Var (name: i9)
| | | | BuiltInRead ()
| | | Assign ()
| | | | Var (name: i10)
| | | | IntConst (value: 10)
| | | Assign ()
| | | | Var (name: i11)
| | | | BuiltInRead ()
| | | Assign ()
| | | | Var (name: i11)
| | | | BinaryOp (operator: B_PLUS)
| | | | | BinaryOp (operator: B_TIMES)
| | | | | | BinaryOp (operator: B_TIMES)
| | | | | | | BinaryOp (operator: B_PLUS)
| | | | | | | | Var (name: i0)
| | | | | | | | Var (name: i1)
| | | | | | | BinaryOp (operator: B_PLUS)
| | | | | | | | Var (name: i2)
| | | | | | | | Var (name: i3)
| | | | | | BinaryOp (operator: B_PLUS)
| | | | | | | Var (name: i4)
| | | | | | | Var (name: i5)
| | | | | BinaryOp (operator: B_PLUS)
| | | | | | BinaryOp (operator: B_PLUS)
| | | | | | | BinaryOp (operator: B_TIMES)
| | | | | | | | Var (name: i6)
| | | | | | | | Var (name: i7)
| | | | | | | BinaryOp (operator: B_TIMES)
| | | | | | | | Var (name: i8)
| | | | | | | | Var (name: i9)
| | | | | | BinaryOp (operator: B_TIMES)
| | | | | | | Var (name: i10)
| | | | | | | Var (name: i11)
| | | BuiltInWrite ()
| | | | Var (name: i11)
| | | BuiltInWriteln ()
