ClassDecl (name: Main, superClass: Object)
| MethodDecl (argumentNames: [], argumentTypes: [], name: main, returnType: void)
| | Seq ()
| | | VarDecl (name: i0, type: int)
| | | VarDecl (name: i1, type: int)
| | | VarDecl (name: i2, type: int)
| | Seq ()
| | | Assign ()
| | | | Var (name: i0)
| | | | BinaryOp (operator: B_PLUS)
| | | | | UnaryOp (operator: U_PLUS)
| | | | | | IntConst (value: 2)
| | | | | UnaryOp (operator: U_PLUS)
| | | | | | IntConst (value: 3)
| | | Assign ()
| | | | Var (name: i1)
| | | | BinaryOp (operator: B_MINUS)
| | | | | IntConst (value: 0)
| | | | | UnaryOp (operator: U_PLUS)
| | | | | | Var (name: i1)
| | | Assign ()
| | | | Var (name: i2)
| | | | BinaryOp (operator: B_TIMES)
| | | | | UnaryOp (operator: U_PLUS)
| | | | | | Var (name: i0)
| | | | | UnaryOp (operator: U_PLUS)
| | | | | | Var (name: i1)
| | | Assign ()
| | | | Var (name: i1)
| | | | BinaryOp (operator: B_TIMES)
| | | | | UnaryOp (operator: U_PLUS)
| | | | | | Var (name: i0)
| | | | | IntConst (value: 1)
| | | Assign ()
| | | | Var (name: i0)
| | | | BinaryOp (operator: B_PLUS)
| | | | | UnaryOp (operator: U_PLUS)
| | | | | | IntConst (value: 0)
| | | | | UnaryOp (operator: U_PLUS)
| | | | | | UnaryOp (operator: U_PLUS)
| | | | | | | Var (name: i0)
| | | Assign ()
| | | | Var (name: i1)
| | | | UnaryOp (operator: U_PLUS)
| | | | | UnaryOp (operator: U_PLUS)
| | | | | | Var (name: i0)
| | | BuiltInWrite ()
| | | | Var (name: i0)
| | | BuiltInWriteln ()
| | | BuiltInWrite ()
| | | | Var (name: i1)
| | | BuiltInWriteln ()
| | | BuiltInWrite ()
| | | | Var (name: i2)
| | | BuiltInWriteln ()
| | | Assign ()
| | | | Var (name: i0)
| | | | BinaryOp (operator: B_MINUS)
| | | | | UnaryOp (operator: U_MINUS)
| | | | | | IntConst (value: 6)
| | | | | IntConst (value: 1)
| | | Assign ()
| | | | Var (name: i2)
| | | | BinaryOp (operator: B_TIMES)
| | | | | Var (name: i0)
| | | | | UnaryOp (operator: U_MINUS)
| | | | | | Var (name: i1)
| | | Assign ()
| | | | Var (name: i2)
| | | | UnaryOp (operator: U_MINUS)
| | | | | UnaryOp (operator: U_MINUS)
| | | | | | IntConst (value: 1)
| | | BuiltInWrite ()
| | | | Var (name: i0)
| | | BuiltInWriteln ()
| | | BuiltInWrite ()
| | | | Var (name: i1)
| | | BuiltInWriteln ()
| | | BuiltInWrite ()
| | | | Var (name: i2)
| | | BuiltInWriteln ()
| | | Assign ()
| | | | Var (name: i0)
| | | | UnaryOp (operator: U_MINUS)
| | | | | UnaryOp (operator: U_PLUS)
| | | | | | IntConst (value: 3)
| | | Assign ()
| | | | Var (name: i1)
| | | | UnaryOp (operator: U_PLUS)
| | | | | UnaryOp (operator: U_MINUS)
| | | | | | UnaryOp (operator: U_PLUS)
| | | | | | | UnaryOp (operator: U_MINUS)
| | | | | | | | UnaryOp (operator: U_MINUS)
| | | | | | | | | IntConst (value: 4)
| | | Assign ()
| | | | Var (name: i0)
| | | | BinaryOp (operator: B_MINUS)
| | | | | UnaryOp (operator: U_MINUS)
| | | | | | Var (name: i1)
| | | | | UnaryOp (operator: U_MINUS)
| | | | | | UnaryOp (operator: U_PLUS)
| | | | | | | Var (name: i1)
| | | BuiltInWrite ()
| | | | Var (name: i0)
| | | BuiltInWriteln ()
| | | BuiltInWrite ()
| | | | Var (name: i1)
| | | BuiltInWriteln ()
| | | BuiltInWrite ()
| | | | Var (name: i2)
| | | BuiltInWriteln ()
