ClassDecl (name: Base, superClass: Object)
ClassDecl (name: Extends, superClass: Base)
ClassDecl (name: Main, superClass: Object)
| MethodDecl (argumentNames: [], argumentTypes: [], name: main, returnType: void)
| | Seq ()
| | Seq ()
| | | BuiltInWrite ()
| | | | IntConst (value: 0)
| | | BuiltInWriteln ()
