ClassDecl (name: Main, superClass: Object)
| MethodDecl (argumentNames: [], argumentTypes: [], name: m, returnType: int)
| | Seq ()
| | Seq ()
| | | ReturnStmt ()
| | | | IntConst (value: 0)
| MethodDecl (argumentNames: [], argumentTypes: [], name: main, returnType: void)
| | Seq ()
| | | VarDecl (name: res, type: int)
| | Seq ()
| | | Assign ()
| | | | Var (name: res)
| | | | UnaryOp (operator: U_MINUS)
| | | | | IntConst (value: 1)
| | | Assign ()
| | | | Var (name: res)
| | | | MethodCallExpr (methodName: m)
| | | | | ThisRef ()
| | | BuiltInWrite ()
| | | | Var (name: res)
| | | BuiltInWriteln ()
| | | Assign ()
| | | | Var (name: res)
| | | | MethodCallExpr (methodName: m)
| | | | | ThisRef ()
| | | BuiltInWrite ()
| | | | Var (name: res)
| | | BuiltInWriteln ()
