ClassDecl (name: Main, superClass: Object)
| MethodDecl (argumentNames: [], argumentTypes: [], name: main, returnType: void)
| | Seq ()
| | | VarDecl (name: i0, type: int)
| | Seq ()
| | | Assign ()
| | | | Var (name: i0)
| | | | IntConst (value: 0)
| | | Assign ()
| | | | Var (name: i0)
| | | | BinaryOp (operator: B_PLUS)
| | | | | IntConst (value: 5)
| | | | | Var (name: i0)
| | | BuiltInWrite ()
| | | | Var (name: i0)
| | | BuiltInWriteln ()
| | | Assign ()
| | | | Var (name: i0)
| | | | BinaryOp (operator: B_PLUS)
| | | | | Var (name: i0)
| | | | | IntConst (value: 5)
| | | BuiltInWrite ()
| | | | Var (name: i0)
| | | BuiltInWriteln ()
| | | Assign ()
| | | | Var (name: i0)
| | | | BinaryOp (operator: B_PLUS)
| | | | | BinaryOp (operator: B_PLUS)
| | | | | | Var (name: i0)
| | | | | | IntConst (value: 5)
| | | | | IntConst (value: 3)
| | | BuiltInWrite ()
| | | | Var (name: i0)
| | | BuiltInWriteln ()
